V3 4
FL /media/datos1/Devel/xilinxise/InterfazSpectrum/InterfazSpectrum.vhd 2015/03/28.23:20:47 P.20131013
EN work/InterfazRobotSpectrum 1427581256 \
      FL /media/datos1/Devel/xilinxise/InterfazSpectrum/InterfazSpectrum.vhd \
      PB ieee/std_logic_1164 1381692176 PB ieee/NUMERIC_STD 1381692181
AR work/InterfazRobotSpectrum/Behavioral 1427581257 \
      FL /media/datos1/Devel/xilinxise/InterfazSpectrum/InterfazSpectrum.vhd \
      EN work/InterfazRobotSpectrum 1427581256
FL /media/datos3/Devel/ZXChat/src/cpld/InterfazSpectrum/InterfazSpectrum.vhd 2015/03/19.20:11:44 P.20131013
